{"frame": 0, "guide": "normal_roughness", "max_error": 0.0}
{"frame": 0, "guide": "motion", "max_error": 0.0}
{"frame": 0, "guide": "view_z", "max_error": 0.0}
{"frame": 0, "guide": "diffuse", "max_error": 0.0}
{"frame": 0, "guide": "specular", "max_error": 0.0}
{"frame": 1, "guide": "normal_roughness", "max_error": 0.0}
{"frame": 1, "guide": "motion", "max_error": 0.0}
{"frame": 1, "guide": "view_z", "max_error": 0.0}
{"frame": 1, "guide": "diffuse", "max_error": 0.0}
{"frame": 1, "guide": "specular", "max_error": 0.0}
{"frame": 2, "guide": "normal_roughness", "max_error": 0.0}
{"frame": 2, "guide": "motion", "max_error": 0.0}
{"frame": 2, "guide": "view_z", "max_error": 0.0}
{"frame": 2, "guide": "diffuse", "max_error": 0.0}
{"frame": 2, "guide": "specular", "max_error": 0.0}
{"frame": 3, "guide": "normal_roughness", "max_error": 0.0}
{"frame": 3, "guide": "motion", "max_error": 0.0}
{"frame": 3, "guide": "view_z", "max_error": 0.0}
{"frame": 3, "guide": "diffuse", "max_error": 0.0}
{"frame": 3, "guide": "specular", "max_error": 0.0}
{"frame": 4, "guide": "normal_roughness", "max_error": 0.0}
{"frame": 4, "guide": "motion", "max_error": 0.0}
{"frame": 4, "guide": "view_z", "max_error": 0.0}
{"frame": 4, "guide": "diffuse", "max_error": 0.0}
{"frame": 4, "guide": "specular", "max_error": 0.0}
{"frame": 5, "guide": "normal_roughness", "max_error": 0.0}
{"frame": 5, "guide": "motion", "max_error": 0.0}
{"frame": 5, "guide": "view_z", "max_error": 0.0}
{"frame": 5, "guide": "diffuse", "max_error": 0.0}
{"frame": 5, "guide": "specular", "max_error": 0.0}
{"frame": 6, "guide": "normal_roughness", "max_error": 0.0}
{"frame": 6, "guide": "motion", "max_error": 0.0}
{"frame": 6, "guide": "view_z", "max_error": 0.0}
{"frame": 6, "guide": "diffuse", "max_error": 0.0}
{"frame": 6, "guide": "specular", "max_error": 0.0}
{"workload": "full", "extent": [1025, 513], "samples": 5, "primary_hit_format": "full", "environment_samples": 0, "analytic_light_count": 0, "distance_planar_visibility": false, "planar_visibility": true, "distance_visibility": false, "single_visibility_dispatch": true, "omit_primary_analytic": false, "omit_primary_environment": false, "profile_selected_diffuse": false, "replay_width": 32, "baseline_visibility_format": "full", "compare_capture_dependencies": false, "selected_local_packed": false, "compact_continuations": false, "selected_local_state": false, "baseline_deferred_capture": false, "selected_deferred_capture": false, "selected_fixed_mask": "all", "conservative_capture": false, "selected_baseline": true, "quad_visible_links": true, "candidate_group_size": null, "face_averaged": true, "baseline_face_stripes": null, "candidate_face_stripes": null, "split_face": false, "face_stage_ms": {}, "spatial_iterations": 3, "checked_each_frame": true, "spatial_ms": {}, "projection": "perspective", "history_policy": "local", "history_policy_frames": {"valid": 5, "reset": 3}, "split_denoiser": false, "reset_every": 3, "temporal_filter_median_ms": 0.0, "temporal_median_ms": 0.860256, "prepare_median_ms": 3.1169279999999997, "secondary_first_median_ms": 2.127936, "primary_median_ms": 11.158144, "primary_p95_ms": 11.3797952, "setup_median_ms": 0.0072640000000000005, "total_median_ms": 22.715424, "face_output_median_ms": 3.2776, "overview": false, "material_fixture": "default", "stable_emitter_fixture": false, "diagnostic_only": true, "prefix_hdr_valid": true}
{"workload": "full-selected-diffuse", "extent": [1025, 513], "samples": 5, "primary_hit_format": "full", "environment_samples": 0, "analytic_light_count": 0, "distance_planar_visibility": false, "planar_visibility": true, "distance_visibility": false, "single_visibility_dispatch": true, "omit_primary_analytic": false, "omit_primary_environment": false, "profile_selected_diffuse": false, "replay_width": 32, "baseline_visibility_format": "full", "compare_capture_dependencies": false, "selected_local_packed": false, "compact_continuations": true, "selected_local_state": false, "baseline_deferred_capture": false, "selected_deferred_capture": false, "selected_fixed_mask": "all", "conservative_capture": false, "selected_baseline": true, "quad_visible_links": true, "candidate_group_size": null, "face_averaged": true, "baseline_face_stripes": null, "candidate_face_stripes": null, "split_face": false, "face_stage_ms": {}, "spatial_iterations": 3, "checked_each_frame": true, "spatial_ms": {}, "projection": "perspective", "history_policy": "local", "history_policy_frames": {"valid": 5, "reset": 3}, "split_denoiser": false, "reset_every": 3, "temporal_filter_median_ms": 0.0, "temporal_median_ms": 0.19056, "prepare_median_ms": 0.219072, "secondary_first_median_ms": 0.368768, "primary_median_ms": 8.43664, "primary_p95_ms": 17.7279552, "setup_median_ms": 0.00688, "total_median_ms": 29.099648, "face_output_median_ms": 3.263328, "overview": false, "material_fixture": "default", "stable_emitter_fixture": false, "diagnostic_only": true, "prefix_hdr_valid": true}
{"selected_diffuse": [{"fixed_mask": "all", "reconstruction_enabled": false, "visibility_format": "planes", "quad_links": true, "pixels": 525825, "eligible_pixels": 525825, "eligible_continuations": 499629, "planned_samples": 97815}, {"fixed_mask": "all", "reconstruction_enabled": false, "visibility_format": "planes", "quad_links": true, "pixels": 525825, "eligible_pixels": 525825, "eligible_continuations": 499629, "planned_samples": 97815}, {"fixed_mask": "all", "reconstruction_enabled": false, "visibility_format": "planes", "quad_links": true, "pixels": 525825, "eligible_pixels": 525825, "eligible_continuations": 499231, "planned_samples": 97732}, {"fixed_mask": "all", "reconstruction_enabled": false, "visibility_format": "planes", "quad_links": true, "pixels": 525825, "eligible_pixels": 525825, "eligible_continuations": 499231, "planned_samples": 97732}]}
{"source": "raw", "max_error": 0.0, "mean_error": 0.0, "baseline_max": 0.70361328125}
{"source": "upstream", "max_error": 0.0, "mean_error": 0.0, "baseline_max": 0.5615234375}
{"source": "output", "max_error": 2.9802322387695312e-08, "mean_error": 1.1743410410769428e-10, "baseline_max": 0.39893072843551636}
{"sampled_primary_hits_equal": true, "sampled_camera_rays_equal": true, "fields": ["identity", "ray_origin", "ray_direction", "position_distance", "geometric_normal"]}
