Traceback (most recent call last):
  File "/home/mscf/projects/personal/Ordinary/components/OrdinaryLight/scripts/profile_primary_prefixes.py", line 622, in <module>
    main()
    ~~~~^^
  File "/home/mscf/projects/personal/Ordinary/components/OrdinaryLight/scripts/profile_primary_prefixes.py", line 511, in main
    np.testing.assert_allclose(a,b,atol=2e-6,rtol=2e-6,err_msg=f'{index}: {source}')
    ~~~~~~~~~~~~~~~~~~~~~~~~~~^^^^^^^^^^^^^^^^^^^^^^^^^^^^^^^^^^^^^^^^^^^^^^^^^^^^^^
  File "/home/mscf/projects/personal/Ordinary/.venv/lib/python3.14/site-packages/numpy/testing/_private/utils.py", line 1780, in assert_allclose
    assert_array_compare(compare, actual, desired, err_msg=str(err_msg),
    ~~~~~~~~~~~~~~~~~~~~^^^^^^^^^^^^^^^^^^^^^^^^^^^^^^^^^^^^^^^^^^^^^^^^
                         verbose=verbose, header=header, equal_nan=equal_nan,
                         ^^^^^^^^^^^^^^^^^^^^^^^^^^^^^^^^^^^^^^^^^^^^^^^^^^^^
                         strict=strict)
                         ^^^^^^^^^^^^^^
  File "/home/mscf/projects/personal/Ordinary/.venv/lib/python3.14/site-packages/numpy/testing/_private/utils.py", line 988, in assert_array_compare
    raise AssertionError(msg)
AssertionError: 
Not equal to tolerance rtol=2e-06, atol=2e-06
3: upstream
Mismatched elements: 3 / 46851 (0.0064%)
Mismatch at indices:
 [0, 0, 0]: 2.682209014892578e-06 (ACTUAL), 5.364418029785156e-07 (DESIRED)
 [0, 0, 1]: 3.6954879760742188e-06 (ACTUAL), 7.152557373046875e-07 (DESIRED)
 [0, 0, 2]: 5.602836608886719e-06 (ACTUAL), 1.1324882507324219e-06 (DESIRED)
Max absolute difference among violations: 4.4703484e-06
Max relative difference among violations: 4.1666665
 ACTUAL: array([[[2.682209e-06, 3.695488e-06, 5.602837e-06],
        [1.549721e-06, 2.145767e-06, 3.337860e-06],
        [1.192093e-06, 1.668930e-06, 2.622604e-06],...
 DESIRED: array([[[5.364418e-07, 7.152557e-07, 1.132488e-06],
        [1.549721e-06, 2.145767e-06, 3.337860e-06],
        [1.192093e-06, 1.668930e-06, 2.563000e-06],...
