Verified ordinarylight/shaders/ordinaryshade_color.glsl
Verified ordinarylight/shaders/ray_query.comp
Verified ordinarylight/shaders/ray_query_image.comp
Verified ordinarylight/shaders/wavefront_indirect_clear.comp
Verified ordinarylight/shaders/wavefront_prepare_indirect.comp
Verified ordinarylight/shaders/wavefront_resolve.comp
Verified ordinarylight/shaders/wavefront_path_to_hdr.comp
Verified ordinarylight/shaders/wavefront_indirect_candidates.comp
Verified ordinarylight/shaders/wavefront_indirect_debug.comp
Verified ordinarylight/shaders/wavefront_reconstruct.comp
Verified ordinarylight/shaders/wavefront_tone_map.comp
Verified ordinarylight/shaders/wavefront_tone_map_image.comp
Verified ordinarylight/shaders/rgba_to_nv12.comp
Verified ordinarylight/shaders/hdr_to_p010.comp
Verified ordinarylight/shaders/denoise_atrous.comp
Verified ordinarylight/shaders/tone_map.comp
Verified ordinarylight/shaders/wavefront_generate.comp
Verified ordinarylight/shaders/wavefront_intersect.comp
Verified ordinarylight/shaders/wavefront_intersect_bucketed.comp
Verified ordinarylight/shaders/wavefront_indirect_reuse_probe.comp
Verified ordinarylight/shaders/wavefront_shade_candidate.glsl
Verified ordinarylight/shaders/ordinaryshade_effects.glsl
Verified wavefront_hybrid.comp
Verified wavefront_megakernel.comp
Verified wavefront_megakernel.rgen
Verified wavefront_persistent.comp
Verified wavefront_persistent_coarse.comp
Verified wavefront_primary.comp
Verified wavefront_lighting.glsl
Verified wavefront_volumes.glsl
Verified wavefront_persistent_continuation.comp
Verified ser_probe.rgen
Verified ser_probe.rmiss
Verified wavefront_srgb.glsl
Verified wavefront_primary_impl.glsl
Verified wavefront_indirect_reuse.glsl
Verified lighting.glsl
Verified native_intersection.glsl
Verified volume.wgsl
Verified ordinarylight/shaders/ordinaryshade_primary.glsl
Verified wavefront_restir.glsl
Verified sampling.glsl
Verified wavefront_shade.comp
Verified wavefront_textures.glsl
Verified intersections.glsl
Verified integrator.glsl
Verified box_batch.glsl
Verified reduce.glsl
Verified gpu_reduction.glsl
Verified gpu_geometry.glsl
Verified emissive.glsl
Verified bsdf.glsl
Verified types.glsl
Verified material_contracts.glsl
Verified contracts.glsl
Verified dielectric.glsl
Verified sample_sphere.glsl
Verified sdf_sphere.glsl
Verified external_hdr_tone_map.comp
Verified external_hdr_tone_map_16f.comp
Verified fsr2_prepare.comp
Verified primary_metadata.comp
Verified accumulation_resolve.comp
Verified volume_upload.comp
Verified volumes.glsl
