reference: 1/8
reference: 2/8
reference: 3/8
reference: 4/8
reference: 5/8
reference: 6/8
reference: 7/8
reference: 8/8
baseline: 1/8
baseline: 2/8
baseline: 3/8
baseline: 4/8
baseline: 5/8
baseline: 6/8
baseline: 7/8
baseline: 8/8
roulette: 1/8
roulette: 2/8
roulette: 3/8
roulette: 4/8
roulette: 5/8
roulette: 6/8
roulette: 7/8
roulette: 8/8
{
  "scene": "small_emitter",
  "extent": [
    320,
    180
  ],
  "frames": 8,
  "baseline_bounces": 8,
  "candidate_bounces": null,
  "roulette_start": 4,
  "limits": {
    "max_error_ratio": 1.25,
    "max_temporal_ratio": 1.25,
    "max_low_frequency_ratio": 1.4305633475479624,
    "max_abs_bias": 0.01
  },
  "quality": {
    "baseline": {
      "mae_mean": 0.1119690639898181,
      "mae_p95": 0.1157823171466589,
      "mae_max": 0.11644239723682404,
      "rmse_mean": 1.0567434430122375,
      "rmse_p95": 1.1908608496189117,
      "rmse_max": 1.1983972787857056,
      "relative_rmse_mean": 0.4271229096151793,
      "relative_rmse_p95": 0.48158801054931977,
      "relative_rmse_max": 0.4847875373697682,
      "bias_mean": 0.00028179675427963957,
      "bias_p95": 0.007416823226958511,
      "bias_max": 0.008544042706489563,
      "temporal_residual_rmse_mean": 1.3255144357681274,
      "temporal_residual_rmse_p95": 1.6288506925106048,
      "temporal_residual_rmse_max": 1.655622124671936,
      "history_lag_ratio_mean": 0.5151876431076168,
      "history_lag_ratio_p95": 0.6244106231323168,
      "history_lag_ratio_max": 0.6257219034889556,
      "horizontal_band_rms_mean": 0.058805770706385374,
      "horizontal_band_rms_p95": 0.08212600648403166,
      "horizontal_band_rms_max": 0.08880490809679031,
      "vertical_band_rms_mean": 0.07402477134019136,
      "vertical_band_rms_p95": 0.09438860081136226,
      "vertical_band_rms_max": 0.09923326224088669,
      "band_anisotropy_mean": 1.1072806832417323,
      "band_anisotropy_p95": 1.797678466738607,
      "band_anisotropy_max": 2.130938118292683,
      "low_frequency_energy_ratio_mean": 1.0767853851071916,
      "low_frequency_energy_ratio_p95": 1.85390816292224,
      "low_frequency_energy_ratio_max": 2.027772981673479,
      "positive_outlier_p999_mean": 0.41374204783739876,
      "positive_outlier_p999_p95": 1.143307555652505,
      "positive_outlier_p999_max": 1.3513092682976733,
      "edge_gradient_gain_mean": 0.9729150998560618,
      "edge_gradient_gain_p95": 1.115770488310733,
      "edge_gradient_gain_max": 1.1341282906910408,
      "edge_gradient_error_mean": 1.8450264716677514,
      "edge_gradient_error_p95": 2.0969167760563927,
      "edge_gradient_error_max": 2.1343791207000335
    },
    "roulette": {
      "mae_mean": 0.11542582232505083,
      "mae_p95": 0.12137802131474018,
      "mae_max": 0.12288810312747955,
      "rmse_mean": 1.203268714249134,
      "rmse_p95": 1.4834328651428224,
      "rmse_max": 1.4941604137420654,
      "relative_rmse_mean": 0.48641447687997086,
      "relative_rmse_p95": 0.5999054064053015,
      "relative_rmse_max": 0.6044325702636516,
      "bias_mean": 0.00032756038126535714,
      "bias_p95": 0.008950841519981623,
      "bias_max": 0.009173834696412086,
      "temporal_residual_rmse_mean": 1.5101491063833237,
      "temporal_residual_rmse_p95": 1.9509167075157166,
      "temporal_residual_rmse_max": 1.9826226234436035,
      "history_lag_ratio_mean": 0.5477873230561494,
      "history_lag_ratio_p95": 0.6837617937643031,
      "history_lag_ratio_max": 0.7016460957092465,
      "horizontal_band_rms_mean": 0.06680985726416111,
      "horizontal_band_rms_p95": 0.09642482921481133,
      "horizontal_band_rms_max": 0.09745531529188156,
      "vertical_band_rms_mean": 0.0829024682752788,
      "vertical_band_rms_p95": 0.10406795628368855,
      "vertical_band_rms_max": 0.10420084744691849,
      "band_anisotropy_mean": 1.109960554153123,
      "band_anisotropy_p95": 1.7727233998030199,
      "band_anisotropy_max": 2.076081075724315,
      "low_frequency_energy_ratio_mean": 1.3394867000953616,
      "low_frequency_energy_ratio_p95": 2.5080534156698446,
      "low_frequency_energy_ratio_max": 2.844754427384872,
      "positive_outlier_p999_mean": 0.10886030722506826,
      "positive_outlier_p999_p95": 0.11777624068268332,
      "positive_outlier_p999_max": 0.12225635850707893,
      "edge_gradient_gain_mean": 0.9741611353013155,
      "edge_gradient_gain_p95": 1.1351431266563934,
      "edge_gradient_gain_max": 1.157663727500777,
      "edge_gradient_error_mean": 2.0564097460241317,
      "edge_gradient_error_p95": 2.6122627701204744,
      "edge_gradient_error_max": 2.6669352296730677
    }
  }
}
PASS: path termination preserves configured HDR quality
