{"frame": 0, "guide": "normal_roughness", "max_error": 0.0}
{"frame": 0, "guide": "motion", "max_error": 0.0}
{"frame": 0, "guide": "view_z", "max_error": 0.0}
{"frame": 0, "guide": "diffuse", "max_error": 0.0}
{"frame": 0, "guide": "specular", "max_error": 0.0}
{"frame": 1, "guide": "normal_roughness", "max_error": 0.0}
{"frame": 1, "guide": "motion", "max_error": 0.0}
{"frame": 1, "guide": "view_z", "max_error": 0.0}
{"frame": 1, "guide": "diffuse", "max_error": 0.0}
{"frame": 1, "guide": "specular", "max_error": 0.0}
{"frame": 2, "guide": "normal_roughness", "max_error": 0.0}
{"frame": 2, "guide": "motion", "max_error": 0.0}
{"frame": 2, "guide": "view_z", "max_error": 0.0}
{"frame": 2, "guide": "diffuse", "max_error": 0.0}
{"frame": 2, "guide": "specular", "max_error": 0.0}
{"frame": 3, "guide": "normal_roughness", "max_error": 0.0}
{"frame": 3, "guide": "motion", "max_error": 0.0}
{"frame": 3, "guide": "view_z", "max_error": 0.0}
{"frame": 3, "guide": "diffuse", "max_error": 0.0}
{"frame": 3, "guide": "specular", "max_error": 0.0}
{"frame": 4, "guide": "normal_roughness", "max_error": 0.0}
{"frame": 4, "guide": "motion", "max_error": 0.0}
{"frame": 4, "guide": "view_z", "max_error": 0.0}
{"frame": 4, "guide": "diffuse", "max_error": 0.0}
{"frame": 4, "guide": "specular", "max_error": 0.0}
{"frame": 5, "guide": "normal_roughness", "max_error": 0.0}
{"frame": 5, "guide": "motion", "max_error": 0.0}
{"frame": 5, "guide": "view_z", "max_error": 0.0}
{"frame": 5, "guide": "diffuse", "max_error": 0.0}
{"frame": 5, "guide": "specular", "max_error": 0.0}
{"frame": 6, "guide": "normal_roughness", "max_error": 0.0}
{"frame": 6, "guide": "motion", "max_error": 0.0}
{"frame": 6, "guide": "view_z", "max_error": 0.0}
{"frame": 6, "guide": "diffuse", "max_error": 0.0}
{"frame": 6, "guide": "specular", "max_error": 0.0}
{"workload": "full", "extent": [161, 97], "samples": 5, "primary_hit_format": "full", "environment_samples": 1, "analytic_light_count": 1, "distance_planar_visibility": false, "planar_visibility": false, "distance_visibility": false, "single_visibility_dispatch": false, "omit_primary_analytic": false, "omit_primary_environment": false, "profile_selected_diffuse": false, "replay_width": 8, "baseline_visibility_format": "full", "compare_capture_dependencies": false, "selected_local_packed": false, "compact_continuations": false, "selected_local_state": false, "baseline_deferred_capture": false, "selected_deferred_capture": false, "selected_fixed_mask": null, "conservative_capture": false, "selected_baseline": false, "quad_visible_links": false, "candidate_group_size": null, "face_averaged": true, "emitter_object": true, "uneven_floor": true, "fused_resolve": false, "tile_capacity": 524288, "baseline_face_stripes": null, "candidate_face_stripes": null, "split_face": false, "face_stage_ms": {}, "spatial_iterations": 3, "checked_each_frame": true, "spatial_ms": {}, "projection": "perspective", "history_policy": "local", "history_policy_frames": {"valid": 5, "reset": 3}, "split_denoiser": false, "reset_every": 3, "temporal_filter_median_ms": 0.0, "temporal_median_ms": 0.10448, "prepare_median_ms": 0.022624, "secondary_first_median_ms": 1.346592, "primary_median_ms": 1.414016, "primary_p95_ms": 1.4947712, "setup_median_ms": 0.004736, "total_median_ms": 5.47504, "face_output_median_ms": 0.192992, "overview": false, "material_fixture": "default", "stable_emitter_fixture": true, "diagnostic_only": true, "prefix_hdr_valid": true}
{"workload": "full-control", "extent": [161, 97], "samples": 5, "primary_hit_format": "full", "environment_samples": 1, "analytic_light_count": 1, "distance_planar_visibility": false, "planar_visibility": false, "distance_visibility": false, "single_visibility_dispatch": false, "omit_primary_analytic": false, "omit_primary_environment": false, "profile_selected_diffuse": false, "replay_width": 8, "baseline_visibility_format": "full", "compare_capture_dependencies": false, "selected_local_packed": false, "compact_continuations": false, "selected_local_state": false, "baseline_deferred_capture": false, "selected_deferred_capture": false, "selected_fixed_mask": null, "conservative_capture": false, "selected_baseline": false, "quad_visible_links": false, "candidate_group_size": null, "face_averaged": true, "emitter_object": true, "uneven_floor": true, "fused_resolve": true, "tile_capacity": 524288, "baseline_face_stripes": null, "candidate_face_stripes": null, "split_face": false, "face_stage_ms": {}, "spatial_iterations": 3, "checked_each_frame": true, "spatial_ms": {}, "projection": "perspective", "history_policy": "local", "history_policy_frames": {"valid": 5, "reset": 3}, "split_denoiser": false, "reset_every": 3, "temporal_filter_median_ms": 0.0, "temporal_median_ms": 0.109536, "prepare_median_ms": 0.02752, "secondary_first_median_ms": 1.343296, "primary_median_ms": 1.40784, "primary_p95_ms": 1.5015167999999999, "setup_median_ms": 0.004608, "total_median_ms": 6.974496, "face_output_median_ms": 0.18576, "overview": false, "material_fixture": "default", "stable_emitter_fixture": true, "diagnostic_only": true, "prefix_hdr_valid": true}
{"source": "raw", "max_error": 0.0, "mean_error": 0.0, "baseline_max": 16.4375}
{"source": "upstream", "max_error": 0.0, "mean_error": 0.0, "baseline_max": 11.3515625}
{"source": "output", "max_error": 0.0, "mean_error": 0.0, "baseline_max": 9.19806957244873}
{"sampled_primary_hits_equal": true, "sampled_camera_rays_equal": true, "fields": ["identity", "ray_origin", "ray_direction", "position_distance", "geometric_normal"]}
