{"submit_index": 0, "position": [-0.0, 2.0, -7.0], "target": [0.0, 1.8, 0.0]}
{"shader": "wavefront_primary.comp", "scene_program_count": 2, "compiled_program_count": 2}
{"shader": "wavefront_shade_candidate.glsl", "scene_program_count": 2, "compiled_program_count": 2}
BOUND custom_primary_pipeline
BOUND indirect_pipeline
BOUND custom_shade_pipeline
BOUND wavefront_image_pipeline
BOUND relax_prepare_pipeline
BOUND relax_temporal_pipeline
BOUND relax_atrous_pipeline
BOUND relax_compose_pipeline
BOUND reconstruct_bgra_pipeline
{"completed_submit": 0, "state": {"wavefront_frame_slot": 0, "wavefront_history_source_slot": null, "wavefront_history_dependency_waited": false, "wavefront_history_chain_enabled": true, "wavefront_restir_history_valid": false, "wavefront_command_cache_hit": false, "wavefront_temporal_motion_pixels": 0.0}}
{"submit_index": 1, "position": [-0.04083310175579523, 2.0, -6.999880903115495], "target": [0.0, 1.8, 0.0]}
{"completed_submit": 1, "state": {"wavefront_frame_slot": 1, "wavefront_history_source_slot": 0, "wavefront_history_dependency_waited": true, "wavefront_history_chain_enabled": true, "wavefront_restir_history_valid": true, "wavefront_command_cache_hit": false, "wavefront_temporal_motion_pixels": 5.3454247207844805}}
{"submit_index": 2, "position": [-0.08166481405581796, 2.0, -6.999523616514572], "target": [0.0, 1.8, 0.0]}
{"completed_submit": 2, "state": {"wavefront_frame_slot": 0, "wavefront_history_source_slot": null, "wavefront_history_dependency_waited": false, "wavefront_history_chain_enabled": true, "wavefront_restir_history_valid": false, "wavefront_command_cache_hit": true, "wavefront_temporal_motion_pixels": 0.0}}
{"submit_index": 3, "position": [-0.12249374749157563, 2.0, -6.998928152354864], "target": [0.0, 1.8, 0.0]}
{"completed_submit": 3, "state": {"wavefront_frame_slot": 1, "wavefront_history_source_slot": 0, "wavefront_history_dependency_waited": true, "wavefront_history_chain_enabled": true, "wavefront_restir_history_valid": true, "wavefront_command_cache_hit": true, "wavefront_temporal_motion_pixels": 5.3454247207844805}}
{"submit_index": 4, "position": [-0.163318512749134, 2.0, -6.998094530898636], "target": [0.0, 1.8, 0.0]}
Traceback (most recent call last):
  File "/home/mscf/projects/personal/wave-render/ordinarylight/integrations/raster_workbench.py", line 1110, in tick
    result = self.future.result()
  File "/usr/lib/python3.13/concurrent/futures/_base.py", line 449, in result
    return self.__get_result()
           ~~~~~~~~~~~~~~~~~^^
  File "/usr/lib/python3.13/concurrent/futures/_base.py", line 401, in __get_result
    raise self._exception
  File "/usr/lib/python3.13/concurrent/futures/thread.py", line 59, in run
    result = self.fn(*self.args, **self.kwargs)
  File "/home/mscf/projects/personal/wave-render/ordinarylight/targets/vulkan/api.py", line 1820, in present_wavefront
    return self._core.present_wavefront_window(
           ~~~~~~~~~~~~~~~~~~~~~~~~~~~~~~~~~~~^
        scene, camera, width, height, render_extent=render_extent,
        ^^^^^^^^^^^^^^^^^^^^^^^^^^^^^^^^^^^^^^^^^^^^^^^^^^^^^^^^^^
    )
    ^
  File "/home/mscf/projects/personal/wave-render/artifacts/denoiser-motion/restir-materials/check_materials.py", line 143, in deterministic_present
    result = original_present(self, scene, camera, width, height, **kwargs)
  File "/home/mscf/projects/personal/wave-render/ordinarylight/targets/vulkan/core.py", line 6902, in present_wavefront_window
    vk.vkWaitForFences(
    ~~~~~~~~~~~~~~~~~~^
        self.device, 1, [frame["fence"]], vk.VK_TRUE, (1 << 64) - 1
        ^^^^^^^^^^^^^^^^^^^^^^^^^^^^^^^^^^^^^^^^^^^^^^^^^^^^^^^^^^^
    )
    ^
  File "/home/mscf/projects/personal/wave-render/.venv/lib/python3.13/site-packages/vulkan/_vulkan.py", line 11670, in vkWaitForFences
    raise exception_codes[result]
vulkan._vulkan.VkErrorDeviceLost
{"frames": 4, "failed": true, "status": "Presentation failed (VkErrorDeviceLost): VkErrorDeviceLost()", "extent": [1280, 720], "animated": true, "slow": false}
