Verified ordinarylight/shaders/ray_query.comp
Verified ordinarylight/shaders/ray_query_image.comp
Verified ordinarylight/shaders/wavefront_indirect_clear.comp
Verified ordinarylight/shaders/wavefront_prepare_indirect.comp
Verified ordinarylight/shaders/wavefront_resolve.comp
Verified ordinarylight/shaders/wavefront_path_to_hdr.comp
Verified ordinarylight/shaders/wavefront_indirect_candidates.comp
Verified ordinarylight/shaders/wavefront_indirect_debug.comp
Verified ordinarylight/shaders/wavefront_reconstruct.comp
Verified ordinarylight/shaders/wavefront_tone_map.comp
Verified ordinarylight/shaders/wavefront_tone_map_image.comp
Verified ordinarylight/shaders/rgba_to_nv12.comp
Verified ordinarylight/shaders/hdr_to_p010.comp
Verified ordinarylight/shaders/denoise_atrous.comp
Verified ordinarylight/shaders/tone_map.comp
Verified ordinarylight/shaders/wavefront_generate.comp
Verified ordinarylight/shaders/wavefront_intersect.comp
Verified ordinarylight/shaders/wavefront_intersect_bucketed.comp
Verified ordinarylight/shaders/wavefront_indirect_reuse_probe.comp
Verified ordinarylight/shaders/wavefront_shade_candidate.glsl
