/home/mscf/projects/personal/Ordinary/components/OrdinaryLight/ordinarylight/shaders/wavefront_shade_candidate.glsl
/home/mscf/projects/personal/Ordinary/components/OrdinaryLight/ordinarylight/shaders/wavefront_shade_candidate.glsl
/home/mscf/projects/personal/Ordinary/components/OrdinaryLight/ordinarylight/shaders/wavefront_shade_candidate.glsl
/home/mscf/projects/personal/Ordinary/components/OrdinaryLight/ordinarylight/shaders/wavefront_shade_candidate.glsl
/home/mscf/projects/personal/Ordinary/components/OrdinaryLight/ordinarylight/shaders/wavefront_shade_candidate.glsl
/home/mscf/projects/personal/Ordinary/components/OrdinaryLight/ordinarylight/shaders/wavefront_shade_candidate.glsl
/home/mscf/projects/personal/Ordinary/components/OrdinaryLight/ordinarylight/shaders/wavefront_shade_candidate.glsl
/home/mscf/projects/personal/Ordinary/components/OrdinaryLight/ordinarylight/shaders/wavefront_shade_candidate.glsl
/home/mscf/projects/personal/Ordinary/components/OrdinaryLight/ordinarylight/shaders/wavefront_shade_candidate.glsl
/home/mscf/projects/personal/Ordinary/components/OrdinaryLight/ordinarylight/shaders/wavefront_shade_candidate.glsl
/home/mscf/projects/personal/Ordinary/components/OrdinaryLight/ordinarylight/shaders/wavefront_shade_candidate.glsl
/home/mscf/projects/personal/Ordinary/components/OrdinaryLight/ordinarylight/shaders/wavefront_shade_candidate.glsl
/home/mscf/projects/personal/Ordinary/components/OrdinaryLight/ordinarylight/shaders/wavefront_shade_candidate.glsl
/home/mscf/projects/personal/Ordinary/components/OrdinaryLight/ordinarylight/shaders/wavefront_shade_candidate.glsl
/home/mscf/projects/personal/Ordinary/components/OrdinaryLight/ordinarylight/shaders/wavefront_shade_candidate.glsl
/home/mscf/projects/personal/Ordinary/components/OrdinaryLight/ordinarylight/shaders/wavefront_shade_candidate.glsl
/home/mscf/projects/personal/Ordinary/components/OrdinaryLight/ordinarylight/shaders/wavefront_shade_candidate.glsl
/home/mscf/projects/personal/Ordinary/components/OrdinaryLight/ordinarylight/shaders/wavefront_shade_candidate.glsl
/home/mscf/projects/personal/Ordinary/components/OrdinaryLight/ordinarylight/shaders/wavefront_shade_candidate.glsl
/home/mscf/projects/personal/Ordinary/components/OrdinaryLight/ordinarylight/shaders/wavefront_shade_candidate.glsl
/home/mscf/projects/personal/Ordinary/components/OrdinaryLight/ordinarylight/shaders/wavefront_shade_candidate.glsl
/home/mscf/projects/personal/Ordinary/components/OrdinaryLight/ordinarylight/shaders/wavefront_shade_candidate.glsl
/home/mscf/projects/personal/Ordinary/components/OrdinaryLight/ordinarylight/shaders/wavefront_shade_candidate.glsl
/home/mscf/projects/personal/Ordinary/components/OrdinaryLight/ordinarylight/shaders/wavefront_shade_candidate.glsl
/home/mscf/projects/personal/Ordinary/components/OrdinaryLight/ordinarylight/shaders/wavefront_shade_candidate.glsl
/home/mscf/projects/personal/Ordinary/components/OrdinaryLight/ordinarylight/shaders/wavefront_shade_candidate.glsl
/home/mscf/projects/personal/Ordinary/components/OrdinaryLight/ordinarylight/shaders/wavefront_shade_candidate.glsl
/home/mscf/projects/personal/Ordinary/components/OrdinaryLight/ordinarylight/shaders/wavefront_shade_candidate.glsl
/home/mscf/projects/personal/Ordinary/components/OrdinaryLight/ordinarylight/shaders/wavefront_shade_candidate.glsl
/home/mscf/projects/personal/Ordinary/components/OrdinaryLight/ordinarylight/shaders/wavefront_shade_candidate.glsl
/home/mscf/projects/personal/Ordinary/components/OrdinaryLight/ordinarylight/shaders/wavefront_shade_candidate.glsl
/home/mscf/projects/personal/Ordinary/components/OrdinaryLight/ordinarylight/shaders/wavefront_shade_candidate.glsl
/home/mscf/projects/personal/Ordinary/components/OrdinaryLight/ordinarylight/shaders/wavefront_shade_candidate.glsl
/home/mscf/projects/personal/Ordinary/components/OrdinaryLight/ordinarylight/shaders/wavefront_shade_candidate.glsl
/home/mscf/projects/personal/Ordinary/components/OrdinaryLight/ordinarylight/shaders/wavefront_shade_candidate.glsl
/home/mscf/projects/personal/Ordinary/components/OrdinaryLight/ordinarylight/shaders/wavefront_shade_candidate.glsl
/home/mscf/projects/personal/Ordinary/components/OrdinaryLight/ordinarylight/shaders/wavefront_shade_candidate.glsl
/home/mscf/projects/personal/Ordinary/components/OrdinaryLight/ordinarylight/shaders/wavefront_shade_candidate.glsl
/home/mscf/projects/personal/Ordinary/components/OrdinaryLight/ordinarylight/shaders/wavefront_shade_candidate.glsl
/home/mscf/projects/personal/Ordinary/components/OrdinaryLight/ordinarylight/shaders/wavefront_shade_candidate.glsl
/home/mscf/projects/personal/Ordinary/components/OrdinaryLight/ordinarylight/shaders/wavefront_shade_candidate.glsl
/home/mscf/projects/personal/Ordinary/components/OrdinaryLight/ordinarylight/shaders/wavefront_shade_candidate.glsl
/home/mscf/projects/personal/Ordinary/components/OrdinaryLight/ordinarylight/shaders/wavefront_shade_candidate.glsl
/home/mscf/projects/personal/Ordinary/components/OrdinaryLight/ordinarylight/shaders/wavefront_shade_candidate.glsl
/home/mscf/projects/personal/Ordinary/components/OrdinaryLight/ordinarylight/shaders/wavefront_shade_candidate.glsl
/home/mscf/projects/personal/Ordinary/components/OrdinaryLight/ordinarylight/shaders/wavefront_shade_candidate.glsl
/home/mscf/projects/personal/Ordinary/components/OrdinaryLight/ordinarylight/shaders/wavefront_shade_candidate.glsl
/home/mscf/projects/personal/Ordinary/components/OrdinaryLight/ordinarylight/shaders/wavefront_shade_candidate.glsl
Wrote ordinarylight/shaders/wavefront_shade_ordinaryshade.comp.spv
Wrote ordinarylight/shaders/wavefront_shade_ordinaryshade_overlap.comp.spv
Wrote ordinarylight/shaders/wavefront_shade_ordinaryshade_scatter.comp.spv
Wrote ordinarylight/shaders/wavefront_shade_ordinaryshade_overlap_scatter.comp.spv
Wrote ordinarylight/shaders/wavefront_shade_ordinaryshade_scatter_multi.comp.spv
Wrote ordinarylight/shaders/wavefront_shade_ordinaryshade_overlap_scatter_multi.comp.spv
Wrote ordinarylight/shaders/wavefront_shade_ordinaryshade_skip.comp.spv
Wrote ordinarylight/shaders/wavefront_shade_ordinaryshade_overlap_skip.comp.spv
Wrote ordinarylight/shaders/wavefront_shade_ordinaryshade_scatter_skip.comp.spv
Wrote ordinarylight/shaders/wavefront_shade_ordinaryshade_overlap_scatter_skip.comp.spv
Wrote ordinarylight/shaders/wavefront_shade_ordinaryshade_scatter_multi_skip.comp.spv
Wrote ordinarylight/shaders/wavefront_shade_ordinaryshade_overlap_scatter_multi_skip.comp.spv
Wrote ordinarylight/shaders/wavefront_shade_ordinaryshade_profile_overlap.comp.spv
Wrote ordinarylight/shaders/wavefront_shade_ordinaryshade_profile_scatter.comp.spv
Wrote ordinarylight/shaders/wavefront_shade_ordinaryshade_profile_overlap_scatter.comp.spv
Wrote ordinarylight/shaders/wavefront_shade_ordinaryshade_profile_scatter_multi.comp.spv
Wrote ordinarylight/shaders/wavefront_shade_ordinaryshade_profile_overlap_scatter_multi.comp.spv
Wrote ordinarylight/shaders/wavefront_shade_ordinaryshade_profile_skip.comp.spv
Wrote ordinarylight/shaders/wavefront_shade_ordinaryshade_profile_overlap_skip.comp.spv
Wrote ordinarylight/shaders/wavefront_shade_ordinaryshade_profile_scatter_skip.comp.spv
Wrote ordinarylight/shaders/wavefront_shade_ordinaryshade_profile_overlap_scatter_skip.comp.spv
Wrote ordinarylight/shaders/wavefront_shade_ordinaryshade_profile_scatter_multi_skip.comp.spv
Wrote ordinarylight/shaders/wavefront_shade_ordinaryshade_profile_overlap_scatter_multi_skip.comp.spv
Wrote ordinarylight/shaders/wavefront_shade_ordinaryshade_native_overlap.comp.spv
Wrote ordinarylight/shaders/wavefront_shade_ordinaryshade_native_scatter.comp.spv
Wrote ordinarylight/shaders/wavefront_shade_ordinaryshade_native_overlap_scatter.comp.spv
Wrote ordinarylight/shaders/wavefront_shade_ordinaryshade_native_scatter_multi.comp.spv
Wrote ordinarylight/shaders/wavefront_shade_ordinaryshade_native_overlap_scatter_multi.comp.spv
Wrote ordinarylight/shaders/wavefront_shade_ordinaryshade_native_skip.comp.spv
Wrote ordinarylight/shaders/wavefront_shade_ordinaryshade_native_overlap_skip.comp.spv
Wrote ordinarylight/shaders/wavefront_shade_ordinaryshade_native_scatter_skip.comp.spv
Wrote ordinarylight/shaders/wavefront_shade_ordinaryshade_native_overlap_scatter_skip.comp.spv
Wrote ordinarylight/shaders/wavefront_shade_ordinaryshade_native_scatter_multi_skip.comp.spv
Wrote ordinarylight/shaders/wavefront_shade_ordinaryshade_native_overlap_scatter_multi_skip.comp.spv
Wrote ordinarylight/shaders/wavefront_shade_ordinaryshade_native_profile_overlap.comp.spv
Wrote ordinarylight/shaders/wavefront_shade_ordinaryshade_native_profile_scatter.comp.spv
Wrote ordinarylight/shaders/wavefront_shade_ordinaryshade_native_profile_overlap_scatter.comp.spv
Wrote ordinarylight/shaders/wavefront_shade_ordinaryshade_native_profile_scatter_multi.comp.spv
Wrote ordinarylight/shaders/wavefront_shade_ordinaryshade_native_profile_overlap_scatter_multi.comp.spv
Wrote ordinarylight/shaders/wavefront_shade_ordinaryshade_native_profile_skip.comp.spv
Wrote ordinarylight/shaders/wavefront_shade_ordinaryshade_native_profile_overlap_skip.comp.spv
Wrote ordinarylight/shaders/wavefront_shade_ordinaryshade_native_profile_scatter_skip.comp.spv
Wrote ordinarylight/shaders/wavefront_shade_ordinaryshade_native_profile_overlap_scatter_skip.comp.spv
Wrote ordinarylight/shaders/wavefront_shade_ordinaryshade_native_profile_scatter_multi_skip.comp.spv
Wrote ordinarylight/shaders/wavefront_shade_ordinaryshade_native_profile_overlap_scatter_multi_skip.comp.spv
Wrote ordinarylight/shaders/wavefront_shade_ordinaryshade_native.comp.spv
Wrote ordinarylight/shaders/wavefront_shade_ordinaryshade_profile.comp.spv
Wrote ordinarylight/shaders/wavefront_shade_ordinaryshade_native_profile.comp.spv
